﻿
   PASS  Tests\Unit\ExampleTest
  Γ£ô that true iΓÇª 0.03s  

   FAIL  Tests\Feature\ExampleTest
  Γ¿» the applicΓÇª 10.05s  
  ΓöÇΓöÇΓöÇΓöÇΓöÇΓöÇΓöÇΓöÇΓöÇΓöÇΓöÇΓöÇΓöÇΓöÇΓöÇΓöÇΓöÇΓöÇΓöÇΓöÇ  
   FAILED  Tests\FeaΓÇª   
  Expected response status code [302] but received 500.
Failed asserting that 500 is identical to 302.

The following exception occurred during the last request:

PDOException: SQLSTATE[HY000]: General error: 1 no such table: settings in C:\Users\Bruce\Desktop\Projects\cloudtech\vendor\laravel\framework\src\Illuminate\Database\Connection.php:406
Stack trace:
#0 C:\Users\Bruce\Desktop\Projects\cloudtech\vendor\laravel\framework\src\Illuminate\Database\Connection.php(406): PDO->prepare()
#1 C:\Users\Bruce\Desktop\Projects\cloudtech\vendor\laravel\framework\src\Illuminate\Database\Connection.php(813): Illuminate\Database\Connection->{closure:Illuminate\Database\Connection::select():397}()
#2 C:\Users\Bruce\Desktop\Projects\cloudtech\vendor\laravel\framework\src\Illuminate\Database\Connection.php(780): Illuminate\Database\Connection->runQueryCallback()
#3 C:\Users\Bruce\Desktop\Projects\cloudtech\vendor\laravel\framework\src\Illuminate\Database\Connection.php(397): Illuminate\Database\Connection->run()
#4 C:\Users\Bruce\Desktop\Projects\cloudtech\vendor\laravel\framework\src\Illuminate\Database\Query\Builder.php(3188): Illuminate\Database\Connection->select()
#5 C:\Users\Bruce\Desktop\Projects\cloudtech\vendor\laravel\framework\src\Illuminate\Database\Query\Builder.php(3173): Illuminate\Database\Query\Builder->runSelect()
#6 C:\Users\Bruce\Desktop\Projects\cloudtech\vendor\laravel\framework\src\Illuminate\Database\Query\Builder.php(3763): Illuminate\Database\Query\Builder->{closure:Illuminate\Database\Query\Builder::get():3172}()
#7 C:\Users\Bruce\Desktop\Projects\cloudtech\vendor\laravel\framework\src\Illuminate\Database\Query\Builder.php(3172): Illuminate\Database\Query\Builder->onceWithColumns()
#8 C:\Users\Bruce\Desktop\Projects\cloudtech\vendor\laravel\framework\src\Illuminate\Database\Eloquent\Builder.php(902): Illuminate\Database\Query\Builder->get()
#9 C:\Users\Bruce\Desktop\Projects\cloudtech\vendor\laravel\framework\src\Illuminate\Database\Eloquent\Builder.php(884): Illuminate\Database\Eloquent\Builder->getModels()
#10 C:\Users\Bruce\Desktop\Projects\cloudtech\vendor\laravel\framework\src\Illuminate\Database\Concerns\BuildsQueries.php(366): Illuminate\Database\Eloquent\Builder->get()
#11 C:\Users\Bruce\Desktop\Projects\cloudtech\vendor\laravel\framework\src\Illuminate\Database\Eloquent\Builder.php(833): Illuminate\Database\Eloquent\Builder->first()
#12 C:\Users\Bruce\Desktop\Projects\cloudtech\app\Models\Setting.php(25): Illuminate\Database\Eloquent\Builder->value()
#13 C:\Users\Bruce\Desktop\Projects\cloudtech\vendor\laravel\framework\src\Illuminate\Cache\Repository.php(431): App\Models\Setting::{closure:App\Models\Setting::getCached():24}()
#14 C:\Users\Bruce\Desktop\Projects\cloudtech\vendor\laravel\framework\src\Illuminate\Cache\CacheManager.php(530): Illuminate\Cache\Repository->remember()
#15 C:\Users\Bruce\Desktop\Projects\cloudtech\vendor\laravel\framework\src\Illuminate\Support\Facades\Facade.php(363): Illuminate\Cache\CacheManager->__call()
#16 C:\Users\Bruce\Desktop\Projects\cloudtech\app\Models\Setting.php(24): Illuminate\Support\Facades\Facade::__callStatic()
#17 C:\Users\Bruce\Desktop\Projects\cloudtech\app\Http\Middleware\CheckMaintenanceMode.php(21): App\Models\Setting::getCached()
#18 C:\Users\Bruce\Desktop\Projects\cloudtech\vendor\laravel\framework\src\Illuminate\Pipeline\Pipeline.php(219): App\Http\Middleware\CheckMaintenanceMode->handle()
#19 C:\Users\Bruce\Desktop\Projects\cloudtech\vendor\laravel\framework\src\Illuminate\Routing\Middleware\SubstituteBindings.php(50): Illuminate\Pipeline\Pipeline->{closure:{closure:Illuminate\Pipeline\Pipeline::carry():194}:195}()
#20 C:\Users\Bruce\Desktop\Projects\cloudtech\vendor\laravel\framework\src\Illuminate\Pipeline\Pipeline.php(219): Illuminate\Routing\Middleware\SubstituteBindings->handle()
#21 C:\Users\Bruce\Desktop\Projects\cloudtech\vendor\laravel\framework\src\Illuminate\Foundation\Http\Middleware\VerifyCsrfToken.php(87): Illuminate\Pipeline\Pipeline->{closure:{closure:Illuminate\Pipeline\Pipeline::carry():194}:195}()
#22 C:\Users\Bruce\Desktop\Projects\cloudtech\vendor\laravel\framework\src\Illuminate\Pipeline\Pipeline.php(219): Illuminate\Foundation\Http\Middleware\VerifyCsrfToken->handle()
#23 C:\Users\Bruce\Desktop\Projects\cloudtech\vendor\laravel\framework\src\Illuminate\View\Middleware\ShareErrorsFromSession.php(48): Illuminate\Pipeline\Pipeline->{closure:{closure:Illuminate\Pipeline\Pipeline::carry():194}:195}()
#24 C:\Users\Bruce\Desktop\Projects\cloudtech\vendor\laravel\framework\src\Illuminate\Pipeline\Pipeline.php(219): Illuminate\View\Middleware\ShareErrorsFromSession->handle()
#25 C:\Users\Bruce\Desktop\Projects\cloudtech\vendor\laravel\framework\src\Illuminate\Session\Middleware\StartSession.php(120): Illuminate\Pipeline\Pipeline->{closure:{closure:Illuminate\Pipeline\Pipeline::carry():194}:195}()
#26 C:\Users\Bruce\Desktop\Projects\cloudtech\vendor\laravel\framework\src\Illuminate\Session\Middleware\StartSession.php(63): Illuminate\Session\Middleware\StartSession->handleStatefulRequest()
#27 C:\Users\Bruce\Desktop\Projects\cloudtech\vendor\laravel\framework\src\Illuminate\Pipeline\Pipeline.php(219): Illuminate\Session\Middleware\StartSession->handle()
#28 C:\Users\Bruce\Desktop\Projects\cloudtech\vendor\laravel\framework\src\Illuminate\Cookie\Middleware\AddQueuedCookiesToResponse.php(36): Illuminate\Pipeline\Pipeline->{closure:{closure:Illuminate\Pipeline\Pipeline::carry():194}:195}()
#29 C:\Users\Bruce\Desktop\Projects\cloudtech\vendor\laravel\framework\src\Illuminate\Pipeline\Pipeline.php(219): Illuminate\Cookie\Middleware\AddQueuedCookiesToResponse->handle()
#30 C:\Users\Bruce\Desktop\Projects\cloudtech\vendor\laravel\framework\src\Illuminate\Cookie\Middleware\EncryptCookies.php(74): Illuminate\Pipeline\Pipeline->{closure:{closure:Illuminate\Pipeline\Pipeline::carry():194}:195}()
#31 C:\Users\Bruce\Desktop\Projects\cloudtech\vendor\laravel\framework\src\Illuminate\Pipeline\Pipeline.php(219): Illuminate\Cookie\Middleware\EncryptCookies->handle()
#32 C:\Users\Bruce\Desktop\Projects\cloudtech\vendor\laravel\framework\src\Illuminate\Pipeline\Pipeline.php(137): Illuminate\Pipeline\Pipeline->{closure:{closure:Illuminate\Pipeline\Pipeline::carry():194}:195}()
#33 C:\Users\Bruce\Desktop\Projects\cloudtech\vendor\laravel\framework\src\Illuminate\Routing\Router.php(821): Illuminate\Pipeline\Pipeline->then()
#34 C:\Users\Bruce\Desktop\Projects\cloudtech\vendor\laravel\framework\src\Illuminate\Routing\Router.php(800): Illuminate\Routing\Router->runRouteWithinStack()
#35 C:\Users\Bruce\Desktop\Projects\cloudtech\vendor\laravel\framework\src\Illuminate\Routing\Router.php(764): Illuminate\Routing\Router->runRoute()
#36 C:\Users\Bruce\Desktop\Projects\cloudtech\vendor\laravel\framework\src\Illuminate\Routing\Router.php(753): Illuminate\Routing\Router->dispatchToRoute()
#37 C:\Users\Bruce\Desktop\Projects\cloudtech\vendor\laravel\framework\src\Illuminate\Foundation\Http\Kernel.php(200): Illuminate\Routing\Router->dispatch()
#38 C:\Users\Bruce\Desktop\Projects\cloudtech\vendor\laravel\framework\src\Illuminate\Pipeline\Pipeline.php(180): Illuminate\Foundation\Http\Kernel->{closure:Illuminate\Foundation\Http\Kernel::dispatchToRouter():197}()
#39 C:\Users\Bruce\Desktop\Projects\cloudtech\vendor\laravel\framework\src\Illuminate\Foundation\Http\Middleware\TransformsRequest.php(21): Illuminate\Pipeline\Pipeline->{closure:Illuminate\Pipeline\Pipeline::prepareDestination():178}()
#40 C:\Users\Bruce\Desktop\Projects\cloudtech\vendor\laravel\framework\src\Illuminate\Foundation\Http\Middleware\ConvertEmptyStringsToNull.php(31): Illuminate\Foundation\Http\Middleware\TransformsRequest->handle()
#41 C:\Users\Bruce\Desktop\Projects\cloudtech\vendor\laravel\framework\src\Illuminate\Pipeline\Pipeline.php(219): Illuminate\Foundation\Http\Middleware\ConvertEmptyStringsToNull->handle()
#42 C:\Users\Bruce\Desktop\Projects\cloudtech\vendor\laravel\framework\src\Illuminate\Foundation\Http\Middleware\TransformsRequest.php(21): Illuminate\Pipeline\Pipeline->{closure:{closure:Illuminate\Pipeline\Pipeline::carry():194}:195}()
#43 C:\Users\Bruce\Desktop\Projects\cloudtech\vendor\laravel\framework\src\Illuminate\Foundation\Http\Middleware\TrimStrings.php(51): Illuminate\Foundation\Http\Middleware\TransformsRequest->handle()
#44 C:\Users\Bruce\Desktop\Projects\cloudtech\vendor\laravel\framework\src\Illuminate\Pipeline\Pipeline.php(219): Illuminate\Foundation\Http\Middleware\TrimStrings->handle()
#45 C:\Users\Bruce\Desktop\Projects\cloudtech\vendor\laravel\framework\src\Illuminate\Http\Middleware\ValidatePostSize.php(27): Illuminate\Pipeline\Pipeline->{closure:{closure:Illuminate\Pipeline\Pipeline::carry():194}:195}()
#46 C:\Users\Bruce\Desktop\Projects\cloudtech\vendor\laravel\framework\src\Illuminate\Pipeline\Pipeline.php(219): Illuminate\Http\Middleware\ValidatePostSize->handle()
#47 C:\Users\Bruce\Desktop\Projects\cloudtech\vendor\laravel\framework\src\Illuminate\Foundation\Http\Middleware\PreventRequestsDuringMaintenance.php(109): Illuminate\Pipeline\Pipeline->{closure:{closure:Illuminate\Pipeline\Pipeline::carry():194}:195}()
#48 C:\Users\Bruce\Desktop\Projects\cloudtech\vendor\laravel\framework\src\Illuminate\Pipeline\Pipeline.php(219): Illuminate\Foundation\Http\Middleware\PreventRequestsDuringMaintenance->handle()
#49 C:\Users\Bruce\Desktop\Projects\cloudtech\vendor\laravel\framework\src\Illuminate\Http\Middleware\HandleCors.php(48): Illuminate\Pipeline\Pipeline->{closure:{closure:Illuminate\Pipeline\Pipeline::carry():194}:195}()
#50 C:\Users\Bruce\Desktop\Projects\cloudtech\vendor\laravel\framework\src\Illuminate\Pipeline\Pipeline.php(219): Illuminate\Http\Middleware\HandleCors->handle()
#51 C:\Users\Bruce\Desktop\Projects\cloudtech\vendor\laravel\framework\src\Illuminate\Http\Middleware\TrustProxies.php(58): Illuminate\Pipeline\Pipeline->{closure:{closure:Illuminate\Pipeline\Pipeline::carry():194}:195}()
#52 C:\Users\Bruce\Desktop\Projects\cloudtech\vendor\laravel\framework\src\Illuminate\Pipeline\Pipeline.php(219): Illuminate\Http\Middleware\TrustProxies->handle()
#53 C:\Users\Bruce\Desktop\Projects\cloudtech\vendor\laravel\framework\src\Illuminate\Foundation\Http\Middleware\InvokeDeferredCallbacks.php(22): Illuminate\Pipeline\Pipeline->{closure:{closure:Illuminate\Pipeline\Pipeline::carry():194}:195}()
#54 C:\Users\Bruce\Desktop\Projects\cloudtech\vendor\laravel\framework\src\Illuminate\Pipeline\Pipeline.php(219): Illuminate\Foundation\Http\Middleware\InvokeDeferredCallbacks->handle()
#55 C:\Users\Bruce\Desktop\Projects\cloudtech\vendor\laravel\framework\src\Illuminate\Http\Middleware\ValidatePathEncoding.php(26): Illuminate\Pipeline\Pipeline->{closure:{closure:Illuminate\Pipeline\Pipeline::carry():194}:195}()
#56 C:\Users\Bruce\Desktop\Projects\cloudtech\vendor\laravel\framework\src\Illuminate\Pipeline\Pipeline.php(219): Illuminate\Http\Middleware\ValidatePathEncoding->handle()
#57 C:\Users\Bruce\Desktop\Projects\cloudtech\vendor\laravel\framework\src\Illuminate\Pipeline\Pipeline.php(137): Illuminate\Pipeline\Pipeline->{closure:{closure:Illuminate\Pipeline\Pipeline::carry():194}:195}()
#58 C:\Users\Bruce\Desktop\Projects\cloudtech\vendor\laravel\framework\src\Illuminate\Foundation\Http\Kernel.php(175): Illuminate\Pipeline\Pipeline->then()
#59 C:\Users\Bruce\Desktop\Projects\cloudtech\vendor\laravel\framework\src\Illuminate\Foundation\Http\Kernel.php(144): Illuminate\Foundation\Http\Kernel->sendRequestThroughRouter()
#60 C:\Users\Bruce\Desktop\Projects\cloudtech\vendor\laravel\framework\src\Illuminate\Foundation\Testing\Concerns\MakesHttpRequests.php(607): Illuminate\Foundation\Http\Kernel->handle()
#61 C:\Users\Bruce\Desktop\Projects\cloudtech\vendor\laravel\framework\src\Illuminate\Foundation\Testing\Concerns\MakesHttpRequests.php(368): Illuminate\Foundation\Testing\TestCase->call()
#62 C:\Users\Bruce\Desktop\Projects\cloudtech\tests\Feature\ExampleTest.php(15): Illuminate\Foundation\Testing\TestCase->get()
#63 C:\Users\Bruce\Desktop\Projects\cloudtech\vendor\phpunit\phpunit\src\Framework\TestCase.php(1657): Tests\Feature\ExampleTest->test_the_application_returns_a_successful_response()
#64 C:\Users\Bruce\Desktop\Projects\cloudtech\vendor\phpunit\phpunit\src\Framework\TestCase.php(515): PHPUnit\Framework\TestCase->runTest()
#65 C:\Users\Bruce\Desktop\Projects\cloudtech\vendor\phpunit\phpunit\src\Framework\TestRunner\TestRunner.php(87): PHPUnit\Framework\TestCase->runBare()
#66 C:\Users\Bruce\Desktop\Projects\cloudtech\vendor\phpunit\phpunit\src\Framework\TestCase.php(361): PHPUnit\Framework\TestRunner->run()
#67 C:\Users\Bruce\Desktop\Projects\cloudtech\vendor\phpunit\phpunit\src\Framework\TestSuite.php(369): PHPUnit\Framework\TestCase->run()
#68 C:\Users\Bruce\Desktop\Projects\cloudtech\vendor\phpunit\phpunit\src\Framework\TestSuite.php(369): PHPUnit\Framework\TestSuite->run()
#69 C:\Users\Bruce\Desktop\Projects\cloudtech\vendor\phpunit\phpunit\src\Framework\TestSuite.php(369): PHPUnit\Framework\TestSuite->run()
#70 C:\Users\Bruce\Desktop\Projects\cloudtech\vendor\phpunit\phpunit\src\TextUI\TestRunner.php(64): PHPUnit\Framework\TestSuite->run()
#71 C:\Users\Bruce\Desktop\Projects\cloudtech\vendor\phpunit\phpunit\src\TextUI\Application.php(211): PHPUnit\TextUI\TestRunner->run()
#72 C:\Users\Bruce\Desktop\Projects\cloudtech\vendor\phpunit\phpunit\phpunit(104): PHPUnit\TextUI\Application->run()
#73 {main}

Next Illuminate\Database\QueryException: SQLSTATE[HY000]: General error: 1 no such table: settings (Connection: sqlite, SQL: select "value" from "settings" where "key" = maintenance_mode limit 1) in C:\Users\Bruce\Desktop\Projects\cloudtech\vendor\laravel\framework\src\Illuminate\Database\Connection.php:826
Stack trace:
#0 C:\Users\Bruce\Desktop\Projects\cloudtech\vendor\laravel\framework\src\Illuminate\Database\Connection.php(780): Illuminate\Database\Connection->runQueryCallback()
#1 C:\Users\Bruce\Desktop\Projects\cloudtech\vendor\laravel\framework\src\Illuminate\Database\Connection.php(397): Illuminate\Database\Connection->run()
#2 C:\Users\Bruce\Desktop\Projects\cloudtech\vendor\laravel\framework\src\Illuminate\Database\Query\Builder.php(3188): Illuminate\Database\Connection->select()
#3 C:\Users\Bruce\Desktop\Projects\cloudtech\vendor\laravel\framework\src\Illuminate\Database\Query\Builder.php(3173): Illuminate\Database\Query\Builder->runSelect()
#4 C:\Users\Bruce\Desktop\Projects\cloudtech\vendor\laravel\framework\src\Illuminate\Database\Query\Builder.php(3763): Illuminate\Database\Query\Builder->{closure:Illuminate\Database\Query\Builder::get():3172}()
#5 C:\Users\Bruce\Desktop\Projects\cloudtech\vendor\laravel\framework\src\Illuminate\Database\Query\Builder.php(3172): Illuminate\Database\Query\Builder->onceWithColumns()
#6 C:\Users\Bruce\Desktop\Projects\cloudtech\vendor\laravel\framework\src\Illuminate\Database\Eloquent\Builder.php(902): Illuminate\Database\Query\Builder->get()
#7 C:\Users\Bruce\Desktop\Projects\cloudtech\vendor\laravel\framework\src\Illuminate\Database\Eloquent\Builder.php(884): Illuminate\Database\Eloquent\Builder->getModels()
#8 C:\Users\Bruce\Desktop\Projects\cloudtech\vendor\laravel\framework\src\Illuminate\Database\Concerns\BuildsQueries.php(366): Illuminate\Database\Eloquent\Builder->get()
#9 C:\Users\Bruce\Desktop\Projects\cloudtech\vendor\laravel\framework\src\Illuminate\Database\Eloquent\Builder.php(833): Illuminate\Database\Eloquent\Builder->first()
#10 C:\Users\Bruce\Desktop\Projects\cloudtech\app\Models\Setting.php(25): Illuminate\Database\Eloquent\Builder->value()
#11 C:\Users\Bruce\Desktop\Projects\cloudtech\vendor\laravel\framework\src\Illuminate\Cache\Repository.php(431): App\Models\Setting::{closure:App\Models\Setting::getCached():24}()
#12 C:\Users\Bruce\Desktop\Projects\cloudtech\vendor\laravel\framework\src\Illuminate\Cache\CacheManager.php(530): Illuminate\Cache\Repository->remember()
#13 C:\Users\Bruce\Desktop\Projects\cloudtech\vendor\laravel\framework\src\Illuminate\Support\Facades\Facade.php(363): Illuminate\Cache\CacheManager->__call()
#14 C:\Users\Bruce\Desktop\Projects\cloudtech\app\Models\Setting.php(24): Illuminate\Support\Facades\Facade::__callStatic()
#15 C:\Users\Bruce\Desktop\Projects\cloudtech\app\Http\Middleware\CheckMaintenanceMode.php(21): App\Models\Setting::getCached()
#16 C:\Users\Bruce\Desktop\Projects\cloudtech\vendor\laravel\framework\src\Illuminate\Pipeline\Pipeline.php(219): App\Http\Middleware\CheckMaintenanceMode->handle()
#17 C:\Users\Bruce\Desktop\Projects\cloudtech\vendor\laravel\framework\src\Illuminate\Routing\Middleware\SubstituteBindings.php(50): Illuminate\Pipeline\Pipeline->{closure:{closure:Illuminate\Pipeline\Pipeline::carry():194}:195}()
#18 C:\Users\Bruce\Desktop\Projects\cloudtech\vendor\laravel\framework\src\Illuminate\Pipeline\Pipeline.php(219): Illuminate\Routing\Middleware\SubstituteBindings->handle()
#19 C:\Users\Bruce\Desktop\Projects\cloudtech\vendor\laravel\framework\src\Illuminate\Foundation\Http\Middleware\VerifyCsrfToken.php(87): Illuminate\Pipeline\Pipeline->{closure:{closure:Illuminate\Pipeline\Pipeline::carry():194}:195}()
#20 C:\Users\Bruce\Desktop\Projects\cloudtech\vendor\laravel\framework\src\Illuminate\Pipeline\Pipeline.php(219): Illuminate\Foundation\Http\Middleware\VerifyCsrfToken->handle()
#21 C:\Users\Bruce\Desktop\Projects\cloudtech\vendor\laravel\framework\src\Illuminate\View\Middleware\ShareErrorsFromSession.php(48): Illuminate\Pipeline\Pipeline->{closure:{closure:Illuminate\Pipeline\Pipeline::carry():194}:195}()
#22 C:\Users\Bruce\Desktop\Projects\cloudtech\vendor\laravel\framework\src\Illuminate\Pipeline\Pipeline.php(219): Illuminate\View\Middleware\ShareErrorsFromSession->handle()
#23 C:\Users\Bruce\Desktop\Projects\cloudtech\vendor\laravel\framework\src\Illuminate\Session\Middleware\StartSession.php(120): Illuminate\Pipeline\Pipeline->{closure:{closure:Illuminate\Pipeline\Pipeline::carry():194}:195}()
#24 C:\Users\Bruce\Desktop\Projects\cloudtech\vendor\laravel\framework\src\Illuminate\Session\Middleware\StartSession.php(63): Illuminate\Session\Middleware\StartSession->handleStatefulRequest()
#25 C:\Users\Bruce\Desktop\Projects\cloudtech\vendor\laravel\framework\src\Illuminate\Pipeline\Pipeline.php(219): Illuminate\Session\Middleware\StartSession->handle()
#26 C:\Users\Bruce\Desktop\Projects\cloudtech\vendor\laravel\framework\src\Illuminate\Cookie\Middleware\AddQueuedCookiesToResponse.php(36): Illuminate\Pipeline\Pipeline->{closure:{closure:Illuminate\Pipeline\Pipeline::carry():194}:195}()
#27 C:\Users\Bruce\Desktop\Projects\cloudtech\vendor\laravel\framework\src\Illuminate\Pipeline\Pipeline.php(219): Illuminate\Cookie\Middleware\AddQueuedCookiesToResponse->handle()
#28 C:\Users\Bruce\Desktop\Projects\cloudtech\vendor\laravel\framework\src\Illuminate\Cookie\Middleware\EncryptCookies.php(74): Illuminate\Pipeline\Pipeline->{closure:{closure:Illuminate\Pipeline\Pipeline::carry():194}:195}()
#29 C:\Users\Bruce\Desktop\Projects\cloudtech\vendor\laravel\framework\src\Illuminate\Pipeline\Pipeline.php(219): Illuminate\Cookie\Middleware\EncryptCookies->handle()
#30 C:\Users\Bruce\Desktop\Projects\cloudtech\vendor\laravel\framework\src\Illuminate\Pipeline\Pipeline.php(137): Illuminate\Pipeline\Pipeline->{closure:{closure:Illuminate\Pipeline\Pipeline::carry():194}:195}()
#31 C:\Users\Bruce\Desktop\Projects\cloudtech\vendor\laravel\framework\src\Illuminate\Routing\Router.php(821): Illuminate\Pipeline\Pipeline->then()
#32 C:\Users\Bruce\Desktop\Projects\cloudtech\vendor\laravel\framework\src\Illuminate\Routing\Router.php(800): Illuminate\Routing\Router->runRouteWithinStack()
#33 C:\Users\Bruce\Desktop\Projects\cloudtech\vendor\laravel\framework\src\Illuminate\Routing\Router.php(764): Illuminate\Routing\Router->runRoute()
#34 C:\Users\Bruce\Desktop\Projects\cloudtech\vendor\laravel\framework\src\Illuminate\Routing\Router.php(753): Illuminate\Routing\Router->dispatchToRoute()
#35 C:\Users\Bruce\Desktop\Projects\cloudtech\vendor\laravel\framework\src\Illuminate\Foundation\Http\Kernel.php(200): Illuminate\Routing\Router->dispatch()
#36 C:\Users\Bruce\Desktop\Projects\cloudtech\vendor\laravel\framework\src\Illuminate\Pipeline\Pipeline.php(180): Illuminate\Foundation\Http\Kernel->{closure:Illuminate\Foundation\Http\Kernel::dispatchToRouter():197}()
#37 C:\Users\Bruce\Desktop\Projects\cloudtech\vendor\laravel\framework\src\Illuminate\Foundation\Http\Middleware\TransformsRequest.php(21): Illuminate\Pipeline\Pipeline->{closure:Illuminate\Pipeline\Pipeline::prepareDestination():178}()
#38 C:\Users\Bruce\Desktop\Projects\cloudtech\vendor\laravel\framework\src\Illuminate\Foundation\Http\Middleware\ConvertEmptyStringsToNull.php(31): Illuminate\Foundation\Http\Middleware\TransformsRequest->handle()
#39 C:\Users\Bruce\Desktop\Projects\cloudtech\vendor\laravel\framework\src\Illuminate\Pipeline\Pipeline.php(219): Illuminate\Foundation\Http\Middleware\ConvertEmptyStringsToNull->handle()
#40 C:\Users\Bruce\Desktop\Projects\cloudtech\vendor\laravel\framework\src\Illuminate\Foundation\Http\Middleware\TransformsRequest.php(21): Illuminate\Pipeline\Pipeline->{closure:{closure:Illuminate\Pipeline\Pipeline::carry():194}:195}()
#41 C:\Users\Bruce\Desktop\Projects\cloudtech\vendor\laravel\framework\src\Illuminate\Foundation\Http\Middleware\TrimStrings.php(51): Illuminate\Foundation\Http\Middleware\TransformsRequest->handle()
#42 C:\Users\Bruce\Desktop\Projects\cloudtech\vendor\laravel\framework\src\Illuminate\Pipeline\Pipeline.php(219): Illuminate\Foundation\Http\Middleware\TrimStrings->handle()
#43 C:\Users\Bruce\Desktop\Projects\cloudtech\vendor\laravel\framework\src\Illuminate\Http\Middleware\ValidatePostSize.php(27): Illuminate\Pipeline\Pipeline->{closure:{closure:Illuminate\Pipeline\Pipeline::carry():194}:195}()
#44 C:\Users\Bruce\Desktop\Projects\cloudtech\vendor\laravel\framework\src\Illuminate\Pipeline\Pipeline.php(219): Illuminate\Http\Middleware\ValidatePostSize->handle()
#45 C:\Users\Bruce\Desktop\Projects\cloudtech\vendor\laravel\framework\src\Illuminate\Foundation\Http\Middleware\PreventRequestsDuringMaintenance.php(109): Illuminate\Pipeline\Pipeline->{closure:{closure:Illuminate\Pipeline\Pipeline::carry():194}:195}()
#46 C:\Users\Bruce\Desktop\Projects\cloudtech\vendor\laravel\framework\src\Illuminate\Pipeline\Pipeline.php(219): Illuminate\Foundation\Http\Middleware\PreventRequestsDuringMaintenance->handle()
#47 C:\Users\Bruce\Desktop\Projects\cloudtech\vendor\laravel\framework\src\Illuminate\Http\Middleware\HandleCors.php(48): Illuminate\Pipeline\Pipeline->{closure:{closure:Illuminate\Pipeline\Pipeline::carry():194}:195}()
#48 C:\Users\Bruce\Desktop\Projects\cloudtech\vendor\laravel\framework\src\Illuminate\Pipeline\Pipeline.php(219): Illuminate\Http\Middleware\HandleCors->handle()
#49 C:\Users\Bruce\Desktop\Projects\cloudtech\vendor\laravel\framework\src\Illuminate\Http\Middleware\TrustProxies.php(58): Illuminate\Pipeline\Pipeline->{closure:{closure:Illuminate\Pipeline\Pipeline::carry():194}:195}()
#50 C:\Users\Bruce\Desktop\Projects\cloudtech\vendor\laravel\framework\src\Illuminate\Pipeline\Pipeline.php(219): Illuminate\Http\Middleware\TrustProxies->handle()
#51 C:\Users\Bruce\Desktop\Projects\cloudtech\vendor\laravel\framework\src\Illuminate\Foundation\Http\Middleware\InvokeDeferredCallbacks.php(22): Illuminate\Pipeline\Pipeline->{closure:{closure:Illuminate\Pipeline\Pipeline::carry():194}:195}()
#52 C:\Users\Bruce\Desktop\Projects\cloudtech\vendor\laravel\framework\src\Illuminate\Pipeline\Pipeline.php(219): Illuminate\Foundation\Http\Middleware\InvokeDeferredCallbacks->handle()
#53 C:\Users\Bruce\Desktop\Projects\cloudtech\vendor\laravel\framework\src\Illuminate\Http\Middleware\ValidatePathEncoding.php(26): Illuminate\Pipeline\Pipeline->{closure:{closure:Illuminate\Pipeline\Pipeline::carry():194}:195}()
#54 C:\Users\Bruce\Desktop\Projects\cloudtech\vendor\laravel\framework\src\Illuminate\Pipeline\Pipeline.php(219): Illuminate\Http\Middleware\ValidatePathEncoding->handle()
#55 C:\Users\Bruce\Desktop\Projects\cloudtech\vendor\laravel\framework\src\Illuminate\Pipeline\Pipeline.php(137): Illuminate\Pipeline\Pipeline->{closure:{closure:Illuminate\Pipeline\Pipeline::carry():194}:195}()
#56 C:\Users\Bruce\Desktop\Projects\cloudtech\vendor\laravel\framework\src\Illuminate\Foundation\Http\Kernel.php(175): Illuminate\Pipeline\Pipeline->then()
#57 C:\Users\Bruce\Desktop\Projects\cloudtech\vendor\laravel\framework\src\Illuminate\Foundation\Http\Kernel.php(144): Illuminate\Foundation\Http\Kernel->sendRequestThroughRouter()
#58 C:\Users\Bruce\Desktop\Projects\cloudtech\vendor\laravel\framework\src\Illuminate\Foundation\Testing\Concerns\MakesHttpRequests.php(607): Illuminate\Foundation\Http\Kernel->handle()
#59 C:\Users\Bruce\Desktop\Projects\cloudtech\vendor\laravel\framework\src\Illuminate\Foundation\Testing\Concerns\MakesHttpRequests.php(368): Illuminate\Foundation\Testing\TestCase->call()
#60 C:\Users\Bruce\Desktop\Projects\cloudtech\tests\Feature\ExampleTest.php(15): Illuminate\Foundation\Testing\TestCase->get()
#61 C:\Users\Bruce\Desktop\Projects\cloudtech\vendor\phpunit\phpunit\src\Framework\TestCase.php(1657): Tests\Feature\ExampleTest->test_the_application_returns_a_successful_response()
#62 C:\Users\Bruce\Desktop\Projects\cloudtech\vendor\phpunit\phpunit\src\Framework\TestCase.php(515): PHPUnit\Framework\TestCase->runTest()
#63 C:\Users\Bruce\Desktop\Projects\cloudtech\vendor\phpunit\phpunit\src\Framework\TestRunner\TestRunner.php(87): PHPUnit\Framework\TestCase->runBare()
#64 C:\Users\Bruce\Desktop\Projects\cloudtech\vendor\phpunit\phpunit\src\Framework\TestCase.php(361): PHPUnit\Framework\TestRunner->run()
#65 C:\Users\Bruce\Desktop\Projects\cloudtech\vendor\phpunit\phpunit\src\Framework\TestSuite.php(369): PHPUnit\Framework\TestCase->run()
#66 C:\Users\Bruce\Desktop\Projects\cloudtech\vendor\phpunit\phpunit\src\Framework\TestSuite.php(369): PHPUnit\Framework\TestSuite->run()
#67 C:\Users\Bruce\Desktop\Projects\cloudtech\vendor\phpunit\phpunit\src\Framework\TestSuite.php(369): PHPUnit\Framework\TestSuite->run()
#68 C:\Users\Bruce\Desktop\Projects\cloudtech\vendor\phpunit\phpunit\src\TextUI\TestRunner.php(64): PHPUnit\Framework\TestSuite->run()
#69 C:\Users\Bruce\Desktop\Projects\cloudtech\vendor\phpunit\phpunit\src\TextUI\Application.php(211): PHPUnit\TextUI\TestRunner->run()
#70 C:\Users\Bruce\Desktop\Projects\cloudtech\vendor\phpunit\phpunit\phpunit(104): PHPUnit\TextUI\Application->run()
#71 {main}

----------------------------------------------------------------------------------

SQLSTATE[HY000]: General error: 1 no such table: settings (Connection: sqlite, SQL: select "value" from "settings" where "key" = maintenance_mode limit 1)

  at tests\Feature\ExampleTest.php:17
     13Γûò     public function test_the_application_returns_a_successful_response(): void
     14Γûò     {
     15Γûò         $response = $this->get('/');
     16Γûò 
  Γ₧£  17Γûò         $response->assertStatus(302)->assertRedirect('/login');
     18Γûò     }
     19Γûò }
     20Γûò


  Tests:    1 failed, 1 passed (2 assertions)
  Duration: 10.77s

